// Jest Snapshot v1, https://goo.gl/fbAQLP

exports[`mobile navbar collapses on any nav list click 1`] = `
<DocumentFragment>
  <div
    class="Application"
  >
    <nav
      class="navbar navbar-expand-sm navbar-light bg-light"
    >
      <div
        class="container"
      >
        <a
          class="Application-Brand navbar-brand"
          href="/"
        >
          Kogtetochka store
        </a>
        <button
          aria-label="Toggle navigation"
          class="Application-Toggler navbar-toggler"
        >
          <span
            class="navbar-toggler-icon"
          />
        </button>
        <div
          class="Application-Menu collapse navbar-collapse"
        >
          <div
            class="navbar-nav"
          >
            <a
              aria-current="page"
              class="active nav-link"
              href="/catalog"
            >
              Catalog
            </a>
            <a
              class="nav-link"
              href="/delivery"
            >
              Delivery
            </a>
            <a
              class="nav-link"
              href="/contacts"
            >
              Contacts
            </a>
            <a
              class="nav-link"
              href="/cart"
            >
              Cart
            </a>
          </div>
        </div>
      </div>
    </nav>
    <div
      class="container pt-4"
    >
      <div
        class="Catalog"
      >
        <div
          class="row"
        >
          <div
            class="col"
          >
            <h1>
              Catalog
            </h1>
          </div>
        </div>
        <div
          class="row"
        >
          LOADING
        </div>
      </div>
    </div>
  </div>
</DocumentFragment>
`;
